Line 1
Line 1
Line 2
Line 2
Line 3
Line 3

@a: Hello "\/\/orld"

@b: "***"
