a: =
b: ==
c: ===
d: ====
e: =====
f: ======
g: =======
h: ========
i: =========
j: ==========

234567
123

abc
def
ghi
